2026-04-03 10:06:55 | RECEIVED | SYSTEM | Logger initialized | Логгер запущен
2026-04-03 10:06:55 | PROCESSED | file_created | /watched/document_1.pdf | Обработано LogHandler
2026-04-03 10:06:55 | PROCESSED | file_created | /watched/document_1.pdf | Обработано EchoHandler
2026-04-03 10:06:56 | PROCESSED | file_created | /watched/document_2.pdf | Обработано LogHandler
2026-04-03 10:06:56 | PROCESSED | file_created | /watched/document_2.pdf | Обработано EchoHandler
2026-04-03 10:06:56 | RECEIVED | file_created | /watched/document_2.pdf | Получено из Redis
2026-04-03 10:06:56 | PROCESSED | file_created | /watched/document_3.pdf | Обработано LogHandler
2026-04-03 10:06:56 | PROCESSED | file_created | /watched/document_3.pdf | Обработано EchoHandler
2026-04-03 10:06:56 | RECEIVED | file_created | /watched/document_3.pdf | Получено из Redis
2026-04-03 10:06:56 | PROCESSED | file_created | /watched/document_4.pdf | Обработано LogHandler
2026-04-03 10:06:56 | PROCESSED | file_created | /watched/document_4.pdf | Обработано EchoHandler
2026-04-03 10:06:56 | RECEIVED | file_created | /watched/document_4.pdf | Получено из Redis
2026-04-03 10:06:57 | PROCESSED | file_created | /watched/document_5.pdf | Обработано LogHandler
2026-04-03 10:06:57 | PROCESSED | file_created | /watched/document_5.pdf | Обработано EchoHandler
2026-04-03 10:06:57 | RECEIVED | file_created | /watched/document_5.pdf | Получено из Redis

==========================================================================================
                    НОВЫЙ ЗАПУСК ПРОГРАММЫ — 2026-04-03 10:13:55
==========================================================================================

2026-04-03 10:13:55 | RECEIVED | SYSTEM | Logger initialized | Логгер успешно запущен
2026-04-03 10:13:55 | PROCESSED | file_created | watched/document_1.pdf | LogHandler
2026-04-03 10:13:55 | PROCESSED | file_created | watched/document_1.pdf | EchoHandler
2026-04-03 10:13:56 | PROCESSED | file_created | watched/document_2.pdf | LogHandler
2026-04-03 10:13:56 | PROCESSED | file_created | watched/document_2.pdf | EchoHandler
2026-04-03 10:13:56 | RECEIVED | file_created | watched/document_2.pdf | Из Redis
2026-04-03 10:13:56 | PROCESSED | file_created | watched/document_3.pdf | LogHandler
2026-04-03 10:13:56 | PROCESSED | file_created | watched/document_3.pdf | EchoHandler
2026-04-03 10:13:56 | RECEIVED | file_created | watched/document_3.pdf | Из Redis

==========================================================================================
                    НОВЫЙ ЗАПУСК ПРОГРАММЫ — 2026-04-03 10:24:50
==========================================================================================

2026-04-03 10:24:50 | RECEIVED | SYSTEM | Logger initialized | Логгер успешно запущен
2026-04-03 10:24:50 | PROCESSED | file_created | watched/document_1.pdf | LogHandler
2026-04-03 10:24:50 | PROCESSED | file_created | watched/document_1.pdf | EchoHandler
2026-04-03 10:24:50 | PROCESSED | file_created | watched/document_2.pdf | LogHandler
2026-04-03 10:24:50 | PROCESSED | file_created | watched/document_2.pdf | EchoHandler
2026-04-03 10:24:50 | RECEIVED | file_created | watched/document_2.pdf | Из Redis
2026-04-03 10:24:51 | PROCESSED | file_created | watched/document_3.pdf | LogHandler
2026-04-03 10:24:51 | PROCESSED | file_created | watched/document_3.pdf | EchoHandler
2026-04-03 10:24:51 | RECEIVED | file_created | watched/document_3.pdf | Из Redis

==========================================================================================
                    НОВЫЙ ЗАПУСК ПРОГРАММЫ — 2026-04-03 10:25:53
==========================================================================================

2026-04-03 10:25:53 | RECEIVED | SYSTEM | Logger initialized | Логгер успешно запущен
2026-04-03 10:25:53 | PROCESSED | file_created | watched/document_1.pdf | LogHandler
2026-04-03 10:25:53 | PROCESSED | file_created | watched/document_1.pdf | EchoHandler
2026-04-03 10:25:53 | PROCESSED | file_created | watched/document_2.pdf | LogHandler
2026-04-03 10:25:53 | PROCESSED | file_created | watched/document_2.pdf | EchoHandler
2026-04-03 10:25:53 | RECEIVED | file_created | watched/document_2.pdf | Из Redis
2026-04-03 10:25:53 | PROCESSED | file_created | watched/document_3.pdf | LogHandler
2026-04-03 10:25:53 | PROCESSED | file_created | watched/document_3.pdf | EchoHandler
2026-04-03 10:25:53 | RECEIVED | file_created | watched/document_3.pdf | Из Redis

==========================================================================================
                    НОВЫЙ ЗАПУСК ПРОГРАММЫ — 2026-04-03 10:58:15
==========================================================================================

2026-04-03 10:58:15 | RECEIVED | SYSTEM | Logger initialized | Логгер успешно запущен
2026-04-03 10:58:15 | PROCESSED | file_created | watched/1.txt | LogHandler
2026-04-03 10:58:15 | PROCESSED | file_created | watched/1.txt | EchoHandler
2026-04-03 10:58:15 | RECEIVED | file_created | watched/1.txt | Из Redis
2026-04-03 10:58:15 | PROCESSED | file_created | watched/gfdfgg.txt | LogHandler
2026-04-03 10:58:15 | PROCESSED | file_created | watched/gfdfgg.txt | EchoHandler
2026-04-03 10:58:15 | RECEIVED | file_created | watched/gfdfgg.txt | Из Redis
2026-04-03 10:58:27 | PROCESSED | file_created | watched/test.txt | LogHandler
2026-04-03 10:58:27 | PROCESSED | file_created | watched/test.txt | EchoHandler
2026-04-03 10:58:27 | RECEIVED | file_created | watched/test.txt | Из Redis
2026-04-03 10:58:56 | PROCESSED | file_created | watched/Текстовый документ.txt | LogHandler
2026-04-03 10:58:56 | PROCESSED | file_created | watched/Текстовый документ.txt | EchoHandler
2026-04-03 10:58:56 | RECEIVED | file_created | watched/Текстовый документ.txt | Из Redis
2026-04-03 10:59:00 | PROCESSED | file_created | watched/Penis.txt | LogHandler
2026-04-03 10:59:00 | PROCESSED | file_created | watched/Penis.txt | EchoHandler
2026-04-03 10:59:00 | RECEIVED | file_created | watched/Penis.txt | Из Redis
2026-04-03 10:59:00 | PROCESSED | file_deleted | watched/Текстовый документ.txt | LogHandler
2026-04-03 10:59:27 | PROCESSED | file_deleted | watched/test.txt | LogHandler

==========================================================================================
                    НОВЫЙ ЗАПУСК ПРОГРАММЫ — 2026-04-03 11:16:48
==========================================================================================

2026-04-03 11:16:48 | RECEIVED | SYSTEM | Logger initialized | Логгер успешно запущен
2026-04-03 11:16:48 | PROCESSED | file_created | watched/1.txt | LogHandler
2026-04-03 11:16:48 | PROCESSED | file_created | watched/1.txt | EchoHandler
2026-04-03 11:16:48 | RECEIVED | file_created | watched/1.txt | Из Redis
2026-04-03 11:16:48 | PROCESSED | file_created | watched/gfdfgg.txt | LogHandler
2026-04-03 11:16:48 | PROCESSED | file_created | watched/gfdfgg.txt | EchoHandler
2026-04-03 11:16:48 | RECEIVED | file_created | watched/gfdfgg.txt | Из Redis
2026-04-03 11:16:48 | PROCESSED | file_created | watched/Penis.txt | LogHandler
2026-04-03 11:16:48 | PROCESSED | file_created | watched/Penis.txt | EchoHandler
2026-04-03 11:16:48 | RECEIVED | file_created | watched/Penis.txt | Из Redis
2026-04-03 11:17:08 | PROCESSED | file_created | watched/Текстовый документ.txt | LogHandler
2026-04-03 11:17:08 | PROCESSED | file_created | watched/Текстовый документ.txt | EchoHandler
2026-04-03 11:17:08 | RECEIVED | file_created | watched/Текстовый документ.txt | Из Redis
2026-04-03 11:17:10 | PROCESSED | file_created | watched/еуые.txt | LogHandler
2026-04-03 11:17:10 | PROCESSED | file_created | watched/еуые.txt | EchoHandler
2026-04-03 11:17:10 | RECEIVED | file_created | watched/еуые.txt | Из Redis
2026-04-03 11:17:10 | PROCESSED | file_deleted | watched/Текстовый документ.txt | LogHandler
2026-04-03 11:17:36 | PROCESSED | file_deleted | watched/еуые.txt | LogHandler
2026-04-03 11:17:36 | PROCESSED | file_deleted | watched/Penis.txt | LogHandler
2026-04-03 11:17:36 | PROCESSED | file_deleted | watched/gfdfgg.txt | LogHandler
2026-04-03 11:17:36 | PROCESSED | file_deleted | watched/1.txt | LogHandler

==========================================================================================
                    НОВЫЙ ЗАПУСК ПРОГРАММЫ — 2026-04-05 15:26:32
==========================================================================================

2026-04-05 15:26:32 | RECEIVED | SYSTEM | Logger initialized | Логгер успешно запущен
2026-04-05 15:26:32 | PROCESSED | file_created | watched/fdgfdg | LogHandler
2026-04-05 15:26:32 | PROCESSED | file_created | watched/fdgfdg | EchoHandler
2026-04-05 15:26:32 | RECEIVED | file_created | watched/fdgfdg | Из Redis
2026-04-05 15:26:32 | PROCESSED | file_created | watched/ломдлаьи | LogHandler
2026-04-05 15:26:32 | PROCESSED | file_created | watched/ломдлаьи | EchoHandler
2026-04-05 15:26:32 | RECEIVED | file_created | watched/ломдлаьи | Из Redis

==========================================================================================
                    НОВЫЙ ЗАПУСК ПРОГРАММЫ — 2026-04-05 15:41:03
==========================================================================================

2026-04-05 15:41:03 | RECEIVED | SYSTEM | Logger initialized | Логгер успешно запущен
2026-04-05 15:41:03 | PROCESSED | file_created | watched/fdgfdg | LogHandler
2026-04-05 15:41:03 | PROCESSED | file_created | watched/fdgfdg | EchoHandler
2026-04-05 15:41:03 | RECEIVED | file_created | watched/fdgfdg | Из Redis
2026-04-05 15:41:03 | PROCESSED | file_created | watched/ломдлаьи | LogHandler
2026-04-05 15:41:03 | PROCESSED | file_created | watched/ломдлаьи | EchoHandler
2026-04-05 15:41:03 | RECEIVED | file_created | watched/ломдлаьи | Из Redis
2026-04-05 15:41:03 | PROCESSED | file_deleted | watched/1.txt | LogHandler
2026-04-05 15:41:03 | PROCESSED | file_deleted | watched/2.txt | LogHandler
2026-04-05 15:41:31 | PROCESSED | file_created | watched/1юече | LogHandler
2026-04-05 15:41:31 | PROCESSED | file_created | watched/1юече | EchoHandler
2026-04-05 15:41:31 | RECEIVED | file_created | watched/1юече | Из Redis

==========================================================================================
                    НОВЫЙ ЗАПУСК ПРОГРАММЫ — 2026-04-19 15:46:26
==========================================================================================

2026-04-19 15:46:26 | RECEIVED | SYSTEM | Logger initialized | Логгер успешно запущен
2026-04-19 15:46:26 | PROCESSED | file_created | watched/bfdbfbfb | LogHandler
2026-04-19 15:46:26 | PROCESSED | file_created | watched/bfdbfbfb | EchoHandler
2026-04-19 15:46:26 | RECEIVED | file_created | watched/bfdbfbfb | Из Redis
2026-04-19 15:46:26 | PROCESSED | file_created | watched/fgfg | LogHandler
2026-04-19 15:46:26 | PROCESSED | file_created | watched/fgfg | EchoHandler
2026-04-19 15:46:26 | RECEIVED | file_created | watched/fgfg | Из Redis
2026-04-19 15:46:26 | PROCESSED | file_deleted | watched/1юече | LogHandler
2026-04-19 15:46:26 | RECEIVED | file_deleted | watched/1юече | Из Redis
2026-04-19 15:47:06 | PROCESSED | file_deleted | watched/bfdbfbfb | LogHandler
2026-04-19 15:47:06 | RECEIVED | file_deleted | watched/bfdbfbfb | Из Redis

==========================================================================================
                    НОВЫЙ ЗАПУСК ПРОГРАММЫ — 2026-04-19 15:51:24
==========================================================================================

2026-04-19 15:51:24 | RECEIVED | SYSTEM | Logger initialized | Логгер успешно запущен

==========================================================================================
                    НОВЫЙ ЗАПУСК ПРОГРАММЫ — 2026-04-19 15:59:56
==========================================================================================

2026-04-19 15:59:56 | RECEIVED | SYSTEM | Logger initialized | Логгер успешно запущен

==========================================================================================
                    НОВЫЙ ЗАПУСК ПРОГРАММЫ — 2026-04-19 16:01:33
==========================================================================================

2026-04-19 16:01:33 | RECEIVED | SYSTEM | Logger initialized | Логгер успешно запущен

==========================================================================================
                    НОВЫЙ ЗАПУСК ПРОГРАММЫ — 2026-04-19 16:03:55
==========================================================================================

2026-04-19 16:03:55 | RECEIVED | SYSTEM | Logger initialized | Логгер успешно запущен
2026-04-19 16:04:10 | PROCESSED | file_deleted | watched/fgfg | LogHandler
2026-04-19 16:04:10 | RECEIVED | file_deleted | watched/fgfg | Из Redis

==========================================================================================
                    НОВЫЙ ЗАПУСК ПРОГРАММЫ — 2026-04-19 16:26:49
==========================================================================================

2026-04-19 16:26:49 | RECEIVED | SYSTEM | Logger initialized | Логгер успешно запущен
